// Jest Snapshot v1, https://goo.gl/fbAQLP

exports[`Calculator component should render correctly 1`] = `
<body>
  <div>
    <div
      class="calculator-inputs"
    >
      <div>
        <span
          class="input-name"
        >
          Cart value
        </span>
      </div>
      <div>
        <span
          class="input-body"
        >
          <input
            data-testid="cartValue"
            id="cartValue"
            type="text"
            value="0"
          />
          <svg
            fill="currentColor"
            height="30"
            stroke="currentColor"
            stroke-width="0"
            viewBox="0 0 24 24"
            width="30"
            xmlns="http://www.w3.org/2000/svg"
          >
            <g>
              <path
                d="M0 0h24v24H0z"
                fill="none"
              />
              <path
                d="M12 22C6.477 22 2 17.523 2 12S6.477 2 12 2s10 4.477 10 10-4.477 10-10 10zm0-2a8 8 0 1 0 0-16 8 8 0 0 0 0 16zm-1.95-9H15v2h-4.95a2.5 2.5 0 0 0 4.064 1.41l1.7 1.133A4.5 4.5 0 0 1 8.028 13H7v-2h1.027a4.5 4.5 0 0 1 7.788-2.543L14.114 9.59A2.5 2.5 0 0 0 10.05 11z"
              />
            </g>
          </svg>
        </span>
      </div>
      <div>
        <span
          class="input-name"
        >
          Delivery distance
        </span>
      </div>
      <div>
        <span
          class="input-body delivery-icon"
        >
          <input
            data-testid="distance"
            id="distance"
            type="text"
            value="0"
          />
          m
        </span>
      </div>
      <div>
        <span
          class="input-name"
        >
          Amount of items
        </span>
      </div>
      <div>
        <span
          class="input-body"
        >
          <input
            data-testid="itemsAmount"
            id="itemsAmount"
            type="text"
            value="0"
          />
        </span>
      </div>
      <div>
        <span
          class="input-name"
        >
          Time
        </span>
      </div>
      <div>
        <span
          class="input-body"
        >
          <input
            class="date-input"
            data-testid="date"
            id="date"
            type="datetime-local"
            value=""
          />
        </span>
      </div>
    </div>
    <div
      class="calculator-btn"
    >
      <div
        class="btn-calculate btn"
      >
        <span>
          Calculate delivery price
        </span>
      </div>
      <div
        class="btn-refresh btn"
      >
        <span>
          Refresh
        </span>
      </div>
    </div>
    <div
      class="calculator-result"
    >
      <div>
        <span>
          Delivery price
        </span>
        <div>
          <span
            data-testid="result"
          >
            = 
            0
          </span>
          <svg
            fill="currentColor"
            height="30"
            stroke="currentColor"
            stroke-width="0"
            viewBox="0 0 24 24"
            width="30"
            xmlns="http://www.w3.org/2000/svg"
          >
            <g>
              <path
                d="M0 0h24v24H0z"
                fill="none"
              />
              <path
                d="M12 22C6.477 22 2 17.523 2 12S6.477 2 12 2s10 4.477 10 10-4.477 10-10 10zm0-2a8 8 0 1 0 0-16 8 8 0 0 0 0 16zm-1.95-9H15v2h-4.95a2.5 2.5 0 0 0 4.064 1.41l1.7 1.133A4.5 4.5 0 0 1 8.028 13H7v-2h1.027a4.5 4.5 0 0 1 7.788-2.543L14.114 9.59A2.5 2.5 0 0 0 10.05 11z"
              />
            </g>
          </svg>
        </div>
      </div>
    </div>
  </div>
</body>
`;
